CCS PCH C Compiler, Version 5.012, 41559               13-mar.-17 12:54

               Filename:   D:\OneDrive\INGENIERIA TELEMATICA\4° Semestre\Sistemas Embebidos\PRACTICA1\main.lst

               ROM used:   154 bytes (0%)
                           Largest free fragment is 65382
               RAM used:   10 (0%) at main() level
                           11 (0%) worst case
               Stack used: 1 locations
               Stack size: 31

*
00000:  GOTO   002C
.................... #include <18f4620.h> 
.................... ///////////// Standard Header file for the PIC18F4620 device //////////////// 
.................... /////////////////////////////////////////////////////////////////////////// 
.................... ////        (C) Copyright 1996, 2013 Custom Computer Services          //// 
.................... //// This source code may only be used by licensed users of the CCS C  //// 
.................... //// compiler.  This source code may only be distributed to other      //// 
.................... //// licensed users of the CCS C compiler.  No other use, reproduction //// 
.................... //// or distribution is permitted without written permission.          //// 
.................... //// Derivative programs created using this software in object code    //// 
.................... //// form are not restricted in any way.                               //// 
.................... /////////////////////////////////////////////////////////////////////////// 
.................... #device PIC18F4620 
....................  
.................... #list 
....................  
.................... #use delay(clock=32M) 
00004:  CLRF   FEA
00006:  MOVLW  0B
00008:  MOVWF  FE9
0000A:  MOVF   FEF,W
0000C:  BZ    0028
0000E:  MOVLW  0A
00010:  MOVWF  01
00012:  CLRF   00
00014:  DECFSZ 00,F
00016:  BRA    0014
00018:  DECFSZ 01,F
0001A:  BRA    0012
0001C:  MOVLW  5F
0001E:  MOVWF  00
00020:  DECFSZ 00,F
00022:  BRA    0020
00024:  DECFSZ FEF,F
00026:  BRA    000E
00028:  GOTO   0082 (RETURN)
.................... #fuses INTRC_IO, NOFCMEN, NOIESO, PUT, NOBROWNOUT, NOWDT 
.................... #fuses NOPBADEN, NOMCLR, STVREN, NOLVP, NODEBUG 
....................  
....................  
....................  
.................... void main(void){ 
0002C:  CLRF   FF8
0002E:  BCF    FD0.7
00030:  MOVF   FC1,W
00032:  ANDLW  C0
00034:  IORLW  0F
00036:  MOVWF  FC1
00038:  MOVLW  07
0003A:  MOVWF  FB4
0003C:  MOVLW  80
0003E:  MOVWF  05
00040:  MOVLW  08
00042:  MOVWF  06
00044:  CLRF   07
00046:  CLRF   08
00048:  CLRF   09
....................  
....................      
....................       unsigned int8 contador1 = 128;    
....................       unsigned int8 contador2 = 8; 
....................       unsigned int8 resultado = 0;        
....................       unsigned int8 varDesplazar = 0;  
....................       unsigned int8 varDesplazar2 = 0; 
....................        
....................      
....................       setup_oscillator(OSC_32MHZ); 
0004A:  MOVLW  70
0004C:  MOVWF  FD3
0004E:  MOVLW  40
00050:  MOVWF  F9B
00052:  MOVF   FD3,W
....................        
....................       set_tris_a(0b110101); 
00054:  MOVLW  35
00056:  MOVWF  F92
....................       set_tris_b(0b00110000); 
00058:  MOVLW  30
0005A:  MOVWF  F93
....................       set_tris_c(0b10101010); 
0005C:  MOVLW  AA
0005E:  MOVWF  F94
....................       set_tris_d(0x00); 
00060:  MOVLW  00
00062:  MOVWF  F95
....................        
....................       while(true){ 
....................           
....................          
....................         contador1 >>=1; 
00064:  BCF    FD8.0
00066:  RRCF   05,F
....................          output_d(contador1); 
00068:  CLRF   F95
0006A:  MOVFF  05,F8C
....................           
....................          contador2>>=1; 
0006E:  BCF    FD8.0
00070:  RRCF   06,F
....................          output_d(contador2); 
00072:  CLRF   F95
00074:  MOVFF  06,F8C
....................          delay_ms(500); 
00078:  MOVLW  02
0007A:  MOVWF  0A
0007C:  MOVLW  FA
0007E:  MOVWF  0B
00080:  BRA    0004
00082:  DECFSZ 0A,F
00084:  BRA    007C
....................           
....................          varDesplazar++; 
00086:  INCF   08,F
....................          
....................          if(varDesplazar == 8){ 
00088:  MOVF   08,W
0008A:  SUBLW  08
0008C:  BNZ   0096
....................             contador1 = 128; 
0008E:  MOVLW  80
00090:  MOVWF  05
....................             contador2 = 128; 
00092:  MOVWF  06
....................             varDesplazar = 0; 
00094:  CLRF   08
....................            
....................          }      
00096:  BRA    0064
....................       } 
.................... } 
00098:  SLEEP 

Configuration Fuses:
   Word  1: 0800   INTRC_IO NOFCMEN NOIESO
   Word  2: 1E18   PUT NOBROWNOUT BORV21 NOWDT WDT32768
   Word  3: 0500   CCP2C1 NOPBADEN LPT1OSC NOMCLR
   Word  4: 0081   STVREN NOLVP NOXINST NODEBUG
   Word  5: C00F   NOPROTECT NOCPB NOCPD
   Word  6: E00F   NOWRT NOWRTC NOWRTB NOWRTD
   Word  7: 400F   NOEBTR NOEBTRB
